C51 COMPILER V9.54   DS1302                                                                04/04/2025 23:27:37 PAGE 1   


C51 COMPILER V9.54, COMPILATION OF MODULE DS1302
OBJECT MODULE PLACED IN DS1302.OBJ
COMPILER INVOKED BY: D:\ruanjian\C51\C51\BIN\C51.EXE DS1302.c OPTIMIZE(8,SPEED) BROWSE DEBUG OBJECTEXTEND

line level    source

   1          #include "reg52.h"
   2          sbit  DS1302_SCLK=P3^6;//提供时钟，上升沿读取数据下降沿输出数据
   3          sbit  DS1302_IO=P3^4;//双向数据线
   4          sbit  DS1302_CE=P3^5;//上升沿开始传输，下降沿结束
   5          unsigned char DS1302_Time[]={25,4,4,23,8,55,5};//年月日时分秒星期
   6          
   7          //寄存器地址
   8          #define DS1302_SECOND           0x80  //写入地址
   9          #define DS1302_MINUTE           0x82
  10          #define DS1302_HOUR                     0x84
  11          #define DS1302_DATE                     0x86  //日
  12          #define DS1302_MONTH            0x88
  13          #define DS1302_DAY                      0x8A  //星期
  14          #define DS1302_YEAR                     0x8C 
  15          #define DS1302_WP                       0x8E  //写保护
  16          
  17          void DS_1302_Init()//初始化
  18          {
  19   1        DS1302_CE=0;
  20   1              DS1302_SCLK=0;
  21   1      }
  22          
  23          void DS_1302_Write(unsigned char Command ,Data)//写数据
  24          { 
  25   1              unsigned char i;
  26   1              DS1302_CE=1;
  27   1              for(i=0;i<8;i++)
  28   1              {
  29   2                      DS1302_IO=Command&(0x01<<i);
  30   2                      DS1302_SCLK=1;
  31   2                      DS1302_SCLK=0;
  32   2              }
  33   1              for(i=0;i<8;i++)
  34   1              {
  35   2                      DS1302_IO=Data&(0x01<<i);
  36   2                      DS1302_SCLK=1;
  37   2                      DS1302_SCLK=0;
  38   2              }
  39   1              DS1302_CE=0;
  40   1      }
  41          
  42          unsigned char DS_1302_Read(unsigned char Command)//读数据
  43          {
  44   1          
  45   1              unsigned char i,Data=0x00;
  46   1              Command|=0x01;  
  47   1              DS1302_CE=1;
  48   1              for(i=0;i<8;i++)
  49   1              {
  50   2                      DS1302_IO=Command&(0x01<<i);
  51   2                      DS1302_SCLK=0;
  52   2                      DS1302_SCLK=1;
  53   2              }
  54   1              for(i=0;i<8;i++)
  55   1              {
C51 COMPILER V9.54   DS1302                                                                04/04/2025 23:27:37 PAGE 2   

  56   2                      DS1302_SCLK=1;
  57   2                      DS1302_SCLK=0;
  58   2                      if(DS1302_IO){Data|=(0x01<<i);}
  59   2              }
  60   1              DS1302_CE=0;
  61   1              DS1302_IO=0;    
  62   1              return Data;
  63   1      }
  64          void DS1302_SetTime(void)//默认设置的时间
  65          {
  66   1              DS_1302_Write(DS1302_WP,0x00);
  67   1              DS_1302_Write(DS1302_YEAR,DS1302_Time[0]/10*16+DS1302_Time[0]%10);//????BCD????
  68   1              DS_1302_Write(DS1302_MONTH,DS1302_Time[1]/10*16+DS1302_Time[1]%10);
  69   1              DS_1302_Write(DS1302_DATE,DS1302_Time[2]/10*16+DS1302_Time[2]%10);
  70   1              DS_1302_Write(DS1302_HOUR,DS1302_Time[3]/10*16+DS1302_Time[3]%10);
  71   1              DS_1302_Write(DS1302_MINUTE,DS1302_Time[4]/10*16+DS1302_Time[4]%10);
  72   1              DS_1302_Write(DS1302_SECOND,DS1302_Time[5]/10*16+DS1302_Time[5]%10);
  73   1              DS_1302_Write(DS1302_DAY,DS1302_Time[6]/10*16+DS1302_Time[6]%10);
  74   1              DS_1302_Write(DS1302_WP,0x80);
  75   1      }
  76          void DS1302_ReadTime(void)//读时间
  77          {
  78   1              unsigned char Temp;
  79   1              Temp=DS_1302_Read(DS1302_YEAR);
  80   1              DS1302_Time[0]=Temp/16*10+Temp%16;//BCD????????
  81   1              Temp=DS_1302_Read(DS1302_MONTH);
  82   1              DS1302_Time[1]=Temp/16*10+Temp%16;
  83   1              Temp=DS_1302_Read(DS1302_DATE);
  84   1              DS1302_Time[2]=Temp/16*10+Temp%16;
  85   1              Temp=DS_1302_Read(DS1302_HOUR);
  86   1              DS1302_Time[3]=Temp/16*10+Temp%16;
  87   1              Temp=DS_1302_Read(DS1302_MINUTE);
  88   1              DS1302_Time[4]=Temp/16*10+Temp%16;
  89   1              Temp=DS_1302_Read(DS1302_SECOND);
  90   1              DS1302_Time[5]=Temp/16*10+Temp%16;
  91   1              Temp=DS_1302_Read(DS1302_DAY);
  92   1              DS1302_Time[6]=Temp/16*10+Temp%16;
  93   1      }


MODULE INFORMATION:   STATIC OVERLAYABLE
   CODE SIZE        =    551    ----
   CONSTANT SIZE    =   ----    ----
   XDATA SIZE       =   ----    ----
   PDATA SIZE       =   ----    ----
   DATA SIZE        =      7       2
   IDATA SIZE       =   ----    ----
   BIT SIZE         =   ----    ----
END OF MODULE INFORMATION.


C51 COMPILATION COMPLETE.  0 WARNING(S),  0 ERROR(S)
